// Jest Snapshot v1, https://goo.gl/fbAQLP

exports[`generateMemoInstruction should create a Memo Instruction 1`] = `
Object {
  "data": Array [
    116,
    101,
    115,
    116,
  ],
  "keys": Array [],
  "programId": "Memo1UhkJRfHyvLMcVucJwxXeuD728EqVDDwQDxFMNo",
}
`;
