// Jest Snapshot v1, https://goo.gl/fbAQLP

exports[`generateMemoInstruction should create a Memo Instruction 1`] = `
Object {
  "data": Array [
    82,
    81,
    81,
    65,
    116,
    74,
    55,
    55,
    51,
    54,
    112,
    52,
    116,
    90,
    55,
    55,
    74,
    119,
    73,
    65,
    65,
    65,
    65,
    65,
    65,
    65,
    65,
    65,
    65,
    65,
    65,
    65,
    65,
    65,
    65,
    65,
    65,
    65,
    65,
    65,
    65,
    65,
    65,
    61,
  ],
  "keys": Array [],
  "programId": "Memo1UhkJRfHyvLMcVucJwxXeuD728EqVDDwQDxFMNo",
}
`;
